/home/ubuntu-vm/workspace/libssh-0.5.3-temp/tests/unittests/torture_list.c
torture_list.c;torture_ssh_list_prepend
threads.c;ssh_threads_init
socket.c;ssh_socket_init
dh.c;ssh_crypto_finalize
misc.c;ssh_list_free
torture_list.c;torture_ssh_list_new
dh.c;ssh_crypto_init
threads.c;libcrypto_thread_init
init.c;ssh_finalize
poll.c;ssh_poll_cleanup
threads.c;libcrypto_thread_finalize
misc.c;ssh_list_append
init.c;ssh_init
misc.c;ssh_list_prepend
torture_list.c;torture_run_tests_1473739041548
misc.c;ssh_list_new
torture_list.c;torture_ssh_list_append
threads.c;libcrypto_lock_callback
threads.c;libgcrypt_thread_init
threads.c;ssh_threads_finalize
poll.c;ssh_poll_init
socket.c;ssh_socket_cleanup
misc.c;ssh_iterator_new
