/home/ubuntu-vm/workspace/libssh-0.5.3-temp/tests/unittests/torture_callbacks.c
threads.c;ssh_threads_init
socket.c;ssh_socket_init
dh.c;ssh_crypto_finalize
torture_callbacks.c;teardown
torture_callbacks.c;torture_callbacks_size
dh.c;ssh_crypto_init
torture_callbacks.c;torture_run_tests_1473739035196
threads.c;libcrypto_thread_init
init.c;ssh_finalize
poll.c;ssh_poll_cleanup
threads.c;libcrypto_thread_finalize
init.c;ssh_init
torture_callbacks.c;setup
torture_callbacks.c;myauthcallback
threads.c;libcrypto_lock_callback
threads.c;libgcrypt_thread_init
threads.c;ssh_threads_finalize
poll.c;ssh_poll_init
socket.c;ssh_socket_cleanup
torture_callbacks.c;torture_callbacks_exists
