/home/ubuntu-vm/workspace/libssh-0.5.3-temp/tests/unittests/torture_keyfiles.c
dh.c;ssh_get_hexa
channels.c;ssh_channel_send_eof
keyfiles.c;read_dsa_privatekey
torture_keyfiles.c;torture_pubkey_from_file
buffer.c;buffer_prepend_data
misc.c;ssh_list_find
keyfiles.c;privatekey_file_to_buffer
base64.c;base64_to_bin
torture_keyfiles.c;torture_pubkey_generate_from_privkey
init.c;ssh_init
keyfiles.c;load_iv
log.c;ssh_log_common
base64.c;get_equals
libcrypto.c;hmac_update
libcrypto.c;md5_update
buffer.c;buffer_add_u32
torture_keyfiles.c;torture_run_tests_1473739039717
socket.c;ssh_socket_cleanup
socket.c;ssh_socket_init
misc.c;ssh_list_free
session.c;ssh_set_blocking
pcap.c;ssh_pcap_context_free
torture_keyfiles.c;setup_rsa_key
gzip.c;gzip_compress
threads.c;libcrypto_thread_init
init.c;ssh_finalize
string.c;ssh_string_free
buffer.c;buffer_get_data
keyfiles.c;privatekey_decrypt
keyfiles.c;privatekey_dek_header
base64.c;_base64_to_bin
packet1.c;packet_send1
packet.c;ssh_packet_write
threads.c;libcrypto_lock_callback
packet.c;packet_send2
keyfiles.c;privatekey_type_from_file
buffer.c;ssh_buffer_new
dh.c;ssh_crypto_init
crypt.c;packet_encrypt
keys.c;ssh_type_to_char
channels.c;ssh_channel_close
buffer.c;ssh_buffer_free
torture_keyfiles.c;torture_privatekey_from_file
session.c;ssh_free
authentication.c;error
log.c;do_ssh_log
keyfiles.c;asn1_get_int
buffer.c;buffer_verify
string.c;ssh_string_data
channels.c;ssh_channel_free
keyfiles.c;passphrase_to_key
buffer.c;ssh_buffer_get_begin
packet.c;packet_send
torture_keyfiles.c;torture_privatekey_from_file_passphrase
torture_keyfiles.c;setup_both_keys
keyfiles.c;pem_get_password
buffer.c;buffer_add_u8
keyfiles.c;privatekey_from_file
socket.c;ssh_socket_new
wrapper.c;cipher_free
keyfiles.c;asn1_get_len
misc.c;ssh_iterator_new
libcrypto.c;hmac_final
threads.c;ssh_threads_init
dh.c;ssh_crypto_finalize
crc32.c;ssh_crc32
buffer.c;buffer_get_rest_len
pcap.c;ssh_pcap_file_write
misc.c;ssh_list_append
string.c;ssh_string_burn
buffer.c;buffer_reinit
session.c;ssh_new
error.c;ssh_set_error_oom
string.c;ssh_string_fill
pcap.c;ssh_pcap_context_connect
buffer.c;buffer_shift
buffer.c;buffer_add_buffer
torture_keyfiles.c;torture_read_one_line
keyfiles.c;char_to_u32
torture_keyfiles.c;setup_dsa_key
keys.c;publickey_free
torture_keyfiles.c;setup_both_keys_passphrase
keyfiles.c;read_line
buffer.c;ssh_buffer_get_len
threads.c;libcrypto_thread_finalize
gzip.c;initcompress
buffer.c;buffer_add_data
dh.c;ssh_print_hexa
gzip.c;compress_buffer
dh.c;ssh_get_random
keyfiles.c;read_rsa_privatekey
pcap.c;ssh_pcap_context_write
buffer.c;buffer_add_u16
base64.c;to_block4
torture_keyfiles.c;teardown
misc.c;ssh_list_remove
keys.c;publickey_from_privatekey
poll.c;ssh_poll_cleanup
keyfiles.c;asn1_check_sequence
wrapper.c;crypto_free
wrapper.c;crypto_new
error.c;ssh_set_error
misc.c;ssh_list_get_iterator
error.c;ssh_get_error
threads.c;ssh_threads_finalize
buffer.c;buffer_get_rest
pcap.c;ssh_pcap_file_write_packet
string.c;ssh_string_len
misc.c;gettimeofday
buffer.c;realloc_buffer
libcrypto.c;md5_final
string.c;ssh_string_new
messages.c;ssh_message_free
libcrypto.c;hmac_init
misc.c;ssh_list_new
log.c;ssh_log
libcrypto.c;md5_init
threads.c;libgcrypt_thread_init
poll.c;ssh_poll_init
