/home/ubuntu-vm/workspace/libssh-0.5.3-temp/tests/unittests/torture_isipaddr.c
threads.c;ssh_threads_init
socket.c;ssh_socket_init
dh.c;ssh_crypto_finalize
torture_isipaddr.c;torture_run_tests_1473739038260
dh.c;ssh_crypto_init
torture_isipaddr.c;torture_ssh_is_ipaddr
threads.c;libcrypto_thread_init
init.c;ssh_finalize
poll.c;ssh_poll_cleanup
threads.c;libcrypto_thread_finalize
init.c;ssh_init
misc.c;ssh_is_ipaddr
threads.c;libcrypto_lock_callback
threads.c;libgcrypt_thread_init
threads.c;ssh_threads_finalize
misc.c;ssh_is_ipaddr_v4
poll.c;ssh_poll_init
socket.c;ssh_socket_cleanup
