/home/ubuntu-vm/workspace/libssh-0.5.3-temp/tests/unittests/torture_misc.c
dh.c;ssh_get_hexa
channels.c;ssh_channel_send_eof
misc.c;ssh_get_local_username
misc.c;ssh_path_expand_escape
buffer.c;buffer_prepend_data
misc.c;ssh_list_find
init.c;ssh_init
log.c;ssh_log_common
libcrypto.c;hmac_update
misc.c;ssh_timeout_update
buffer.c;buffer_add_u32
socket.c;ssh_socket_cleanup
socket.c;ssh_socket_init
misc.c;ssh_list_free
session.c;ssh_set_blocking
pcap.c;ssh_pcap_context_free
gzip.c;gzip_compress
threads.c;libcrypto_thread_init
init.c;ssh_finalize
torture_misc.c;torture_basename
packet1.c;packet_send1
packet.c;ssh_packet_write
threads.c;libcrypto_lock_callback
packet.c;packet_send2
torture_misc.c;torture_timeout_elapsed
torture_misc.c;torture_path_expand_known_hosts
misc.c;ssh_path_expand_tilde
buffer.c;ssh_buffer_new
dh.c;ssh_crypto_init
torture_misc.c;torture_path_expand_tilde_win
crypt.c;packet_encrypt
channels.c;ssh_channel_close
buffer.c;ssh_buffer_free
session.c;ssh_free
misc.c;ssh_timestamp_init
log.c;do_ssh_log
authentication.c;error
buffer.c;buffer_verify
channels.c;ssh_channel_free
buffer.c;ssh_buffer_get_begin
packet.c;packet_send
torture_misc.c;torture_run_tests_1473739043020
torture_misc.c;teardown
buffer.c;buffer_add_u8
misc.c;ntohll
socket.c;ssh_socket_new
wrapper.c;cipher_free
misc.c;ssh_iterator_new
libcrypto.c;hmac_final
misc.c;ssh_basename
threads.c;ssh_threads_init
dh.c;ssh_crypto_finalize
crc32.c;ssh_crc32
buffer.c;buffer_get_rest_len
pcap.c;ssh_pcap_file_write
torture_misc.c;torture_get_user_home_dir
misc.c;ssh_list_append
buffer.c;buffer_reinit
session.c;ssh_new
error.c;ssh_set_error_oom
misc.c;ssh_timeout_elapsed
pcap.c;ssh_pcap_context_connect
buffer.c;buffer_shift
torture_misc.c;setup
misc.c;ssh_get_user_home_dir
buffer.c;buffer_add_buffer
keys.c;publickey_free
buffer.c;ssh_buffer_get_len
misc.c;ssh_timestamp_difference
threads.c;libcrypto_thread_finalize
torture_misc.c;torture_dirname
gzip.c;initcompress
buffer.c;buffer_add_data
dh.c;ssh_print_hexa
gzip.c;compress_buffer
torture_misc.c;torture_ntohll
dh.c;ssh_get_random
torture_misc.c;torture_path_expand_tilde_unix
torture_misc.c;torture_timeout_update
pcap.c;ssh_pcap_context_write
buffer.c;buffer_add_u16
misc.c;ssh_list_remove
misc.c;ssh_dirname
poll.c;ssh_poll_cleanup
wrapper.c;crypto_free
wrapper.c;crypto_new
error.c;ssh_set_error
misc.c;ssh_list_get_iterator
error.c;ssh_get_error
threads.c;ssh_threads_finalize
buffer.c;buffer_get_rest
pcap.c;ssh_pcap_file_write_packet
torture_misc.c;torture_path_expand_escape
misc.c;gettimeofday
buffer.c;realloc_buffer
messages.c;ssh_message_free
libcrypto.c;hmac_init
misc.c;ssh_list_new
log.c;ssh_log
threads.c;libgcrypt_thread_init
poll.c;ssh_poll_init
