/home/ubuntu-vm/workspace/libssh-0.5.3-temp/tests/unittests/torture_init.c
threads.c;ssh_threads_init
socket.c;ssh_socket_init
dh.c;ssh_crypto_finalize
dh.c;ssh_crypto_init
threads.c;libcrypto_thread_init
init.c;ssh_finalize
poll.c;ssh_poll_cleanup
threads.c;libcrypto_thread_finalize
init.c;ssh_init
torture_init.c;torture_run_tests_1473739036809
threads.c;libcrypto_lock_callback
threads.c;libgcrypt_thread_init
torture_init.c;torture_ssh_init
threads.c;ssh_threads_finalize
poll.c;ssh_poll_init
socket.c;ssh_socket_cleanup
