/home/ubuntu-vm/workspace/libssh-0.5.3-temp/tests/unittests/torture_buffer.c
torture_buffer.c;torture_buffer_prepend
threads.c;ssh_threads_init
dh.c;ssh_crypto_finalize
torture_buffer.c;torture_growing_buffer
buffer.c;buffer_get_rest_len
torture_buffer.c;setup
buffer.c;ssh_buffer_new
dh.c;ssh_crypto_init
buffer.c;buffer_prepend_data
torture_buffer.c;torture_growing_buffer_shifting
poll.c;ssh_poll_cleanup
init.c;ssh_init
torture_buffer.c;torture_run_tests_1473739033103
buffer.c;ssh_buffer_free
buffer.c;buffer_shift
threads.c;ssh_threads_finalize
buffer.c;buffer_verify
socket.c;ssh_socket_cleanup
buffer.c;buffer_get_rest
torture_buffer.c;teardown
socket.c;ssh_socket_init
buffer.c;realloc_buffer
buffer.c;buffer_get_u32
threads.c;libcrypto_thread_init
init.c;ssh_finalize
buffer.c;buffer_get_data
threads.c;libcrypto_thread_finalize
buffer.c;buffer_add_data
buffer.c;buffer_get_u8
threads.c;libcrypto_lock_callback
threads.c;libgcrypt_thread_init
poll.c;ssh_poll_init
