/home/ubuntu-vm/workspace/libssh-0.5.3-temp/tests/unittests/torture_options.c
threads.c;ssh_threads_init
dh.c;ssh_crypto_finalize
kex.c;tokenize
crc32.c;ssh_crc32
dh.c;ssh_get_hexa
torture_options.c;torture_options_set_host
buffer.c;buffer_get_rest_len
pcap.c;ssh_pcap_file_write
channels.c;ssh_channel_send_eof
misc.c;ssh_get_local_username
misc.c;ssh_path_expand_escape
buffer.c;buffer_prepend_data
misc.c;ssh_list_find
torture_options.c;torture_options_set_port
torture_options.c;torture_run_tests_1473739044507
misc.c;ssh_list_append
init.c;ssh_init
buffer.c;buffer_reinit
log.c;ssh_log_common
misc.c;ssh_list_prepend
session.c;ssh_new
error.c;ssh_set_error_oom
libcrypto.c;hmac_update
options.c;ssh_options_set_algo
torture_options.c;teardown
torture_options.c;torture_options_set_fd
pcap.c;ssh_pcap_context_connect
buffer.c;buffer_add_u32
buffer.c;buffer_shift
socket.c;ssh_socket_cleanup
socket.c;ssh_socket_init
misc.c;ssh_list_free
torture_options.c;torture_options_set_user
misc.c;ssh_get_user_home_dir
session.c;ssh_set_blocking
kex.c;verify_existing_algo
buffer.c;buffer_add_buffer
pcap.c;ssh_pcap_context_free
keys.c;publickey_free
gzip.c;gzip_compress
threads.c;libcrypto_thread_init
init.c;ssh_finalize
buffer.c;ssh_buffer_get_len
threads.c;libcrypto_thread_finalize
gzip.c;initcompress
buffer.c;buffer_add_data
dh.c;ssh_print_hexa
gzip.c;compress_buffer
options.c;ssh_options_set
packet1.c;packet_send1
packet.c;ssh_packet_write
threads.c;libcrypto_lock_callback
packet.c;packet_send2
dh.c;ssh_get_random
misc.c;ssh_path_expand_tilde
buffer.c;ssh_buffer_new
dh.c;ssh_crypto_init
pcap.c;ssh_pcap_context_write
buffer.c;buffer_add_u16
misc.c;ssh_list_remove
crypt.c;packet_encrypt
poll.c;ssh_poll_cleanup
channels.c;ssh_channel_close
wrapper.c;crypto_free
buffer.c;ssh_buffer_free
session.c;ssh_free
log.c;do_ssh_log
wrapper.c;crypto_new
authentication.c;error
error.c;ssh_set_error
misc.c;ssh_list_get_iterator
error.c;ssh_get_error
threads.c;ssh_threads_finalize
buffer.c;buffer_verify
torture_options.c;setup
buffer.c;buffer_get_rest
pcap.c;ssh_pcap_file_write_packet
kex.c;ssh_find_matching
channels.c;ssh_channel_free
misc.c;gettimeofday
buffer.c;ssh_buffer_get_begin
buffer.c;realloc_buffer
packet.c;packet_send
messages.c;ssh_message_free
buffer.c;buffer_add_u8
libcrypto.c;hmac_init
error.c;ssh_set_error_invalid
misc.c;ssh_list_new
log.c;ssh_log
torture_options.c;torture_options_set_identity
socket.c;ssh_socket_new
wrapper.c;cipher_free
threads.c;libgcrypt_thread_init
poll.c;ssh_poll_init
misc.c;ssh_iterator_new
libcrypto.c;hmac_final
