/home/ubuntu-vm/workspace/libssh-0.5.3-temp/tests/unittests/torture_rand.c
pthread.c;ssh_threads_get_pthread
threads.c;ssh_threads_init
socket.c;ssh_socket_init
dh.c;ssh_crypto_finalize
torture_rand.c;torture_rand_threading
torture_rand.c;teardown
torture_rand.c;torture_run_tests_1473739046250
torture_rand.c;setup
dh.c;ssh_crypto_init
torture_rand.c;torture_rand_thread
threads.c;libcrypto_thread_init
init.c;ssh_finalize
poll.c;ssh_poll_cleanup
threads.c;libcrypto_thread_finalize
init.c;ssh_init
threads.c;ssh_threads_set_callbacks
threads.c;libcrypto_lock_callback
threads.c;libgcrypt_thread_init
threads.c;ssh_threads_finalize
dh.c;ssh_get_random
poll.c;ssh_poll_init
socket.c;ssh_socket_cleanup
