/home/ubuntu-vm/workspace/casestudy/LibsshCaseStudy/libssh-0.5.3/tests/unittests/torture_rand.c
dh.c:ssh_crypto_finalize:154:
dh.c:ssh_crypto_init:113:
dh.c:ssh_get_random:88:
init.c:ssh_finalize:73:
init.c:ssh_init:53:
poll.c:ssh_poll_cleanup:85:
poll.c:ssh_poll_init:81:
pthread.c:ssh_threads_get_pthread:95:
socket.c:ssh_socket_cleanup:126:
socket.c:ssh_socket_init:104:
threads.c:libcrypto_lock_callback:85:
threads.c:libcrypto_thread_finalize:112:
threads.c:libcrypto_thread_init:95:
threads.c:libgcrypt_thread_init:64:
threads.c:ssh_threads_finalize:153:
threads.c:ssh_threads_init:130:
threads.c:ssh_threads_set_callbacks:160:
torture_rand.c:setup:16:
torture_rand.c:teardown:23:
torture_rand.c:torture_rand_thread:29:
torture_rand.c:torture_rand_threading:45:
torture_rand.c:torture_run_tests_1473778530376:62:
