/home/ubuntu-vm/workspace/casestudy/LibsshCaseStudy/libssh-0.5.3/tests/unittests/torture_options.c
authentication.c:error:100:
buffer.c:buffer_add_buffer:359:
buffer.c:buffer_add_data:188:
buffer.c:buffer_add_u16:261:
buffer.c:buffer_add_u32:242:
buffer.c:buffer_add_u8:299:
buffer.c:buffer_get_rest:397:
buffer.c:buffer_get_rest_len:425:
buffer.c:buffer_prepend_data:320:
buffer.c:buffer_reinit:161:
buffer.c:buffer_shift:142:
buffer.c:buffer_verify:54:
buffer.c:realloc_buffer:114:
buffer.c:ssh_buffer_free:99:
buffer.c:ssh_buffer_get_begin:381:
buffer.c:ssh_buffer_get_len:410:
buffer.c:ssh_buffer_new:83:
channels.c:ssh_channel_close:1082:
channels.c:ssh_channel_free:997:
channels.c:ssh_channel_send_eof:1038:
crc32.c:ssh_crc32:81:
crypt.c:packet_encrypt:100:
dh.c:ssh_crypto_finalize:154:
dh.c:ssh_crypto_init:113:
dh.c:ssh_get_hexa:194:
dh.c:ssh_get_random:88:
dh.c:ssh_print_hexa:228:
error.c:ssh_get_error:97:
error.c:ssh_set_error:51:
error.c:ssh_set_error_invalid:86:
error.c:ssh_set_error_oom:69:
gzip.c:compress_buffer:103:
gzip.c:gzip_compress:59:
gzip.c:initcompress:38:
init.c:ssh_finalize:73:
init.c:ssh_init:53:
kex.c:ssh_find_matching:208:
kex.c:tokenize:119:
kex.c:verify_existing_algo:461:
keys.c:publickey_free:234:
libcrypto.c:hmac_final:143:
libcrypto.c:hmac_init:112:
libcrypto.c:hmac_update:139:
log.c:do_ssh_log:44:
log.c:ssh_log:76:
log.c:ssh_log_common:94:
messages.c:ssh_message_free:222:
misc.c:gettimeofday:128:
misc.c:ssh_get_local_username:236:
misc.c:ssh_get_user_home_dir:209:
misc.c:ssh_iterator_new:405:
misc.c:ssh_list_append:414:
misc.c:ssh_list_find:397:
misc.c:ssh_list_free:378:
misc.c:ssh_list_get_iterator:391:
misc.c:ssh_list_new:370:
misc.c:ssh_list_prepend:429:
misc.c:ssh_list_remove:448:
misc.c:ssh_path_expand_escape:695:
misc.c:ssh_path_expand_tilde:637:
options.c:ssh_options_set:348:
options.c:ssh_options_set_algo:153:
packet.c:packet_send2:447:
packet.c:packet_send:525:
packet.c:ssh_packet_write:435:
packet1.c:packet_send1:248:
pcap.c:ssh_pcap_context_connect:252:
pcap.c:ssh_pcap_context_free:241:
pcap.c:ssh_pcap_context_write:302:
pcap.c:ssh_pcap_file_write:140:
pcap.c:ssh_pcap_file_write_packet:157:
poll.c:ssh_poll_cleanup:85:
poll.c:ssh_poll_init:81:
session.c:ssh_free:159:
session.c:ssh_new:55:
session.c:ssh_set_blocking:290:
socket.c:ssh_socket_cleanup:126:
socket.c:ssh_socket_init:104:
socket.c:ssh_socket_new:141:
threads.c:libcrypto_lock_callback:85:
threads.c:libcrypto_thread_finalize:112:
threads.c:libcrypto_thread_init:95:
threads.c:libgcrypt_thread_init:64:
threads.c:ssh_threads_finalize:153:
threads.c:ssh_threads_init:130:
torture_options.c:setup:12:
torture_options.c:teardown:17:
torture_options.c:torture_options_set_fd:57:
torture_options.c:torture_options_set_host:21:
torture_options.c:torture_options_set_identity:108:
torture_options.c:torture_options_set_port:35:
torture_options.c:torture_options_set_user:71:
torture_options.c:torture_run_tests_1473778528781:122:
wrapper.c:cipher_free:65:
wrapper.c:crypto_free:99:
wrapper.c:crypto_new:88:
