/home/ubuntu-vm/workspace/casestudy/LibsshCaseStudy/libssh-0.5.3/tests/unittests/torture_keyfiles.c
base64.c:_base64_to_bin:204:215:
base64.c:base64_to_bin:59:167:
base64.c:get_equals:218:229:
base64.c:to_block4:176:201:
buffer.c:buffer_add_buffer:359:366:
buffer.c:buffer_add_data:188:206:
buffer.c:buffer_add_u16:261:267:
buffer.c:buffer_add_u32:242:248:
buffer.c:buffer_add_u8:299:305:
buffer.c:buffer_get_data:493:504:
buffer.c:buffer_get_rest:397:399:
buffer.c:buffer_get_rest_len:425:428:
buffer.c:buffer_prepend_data:320:345:
buffer.c:buffer_reinit:161:173:
buffer.c:buffer_shift:142:150:
buffer.c:buffer_verify:54:72:
buffer.c:realloc_buffer:114:136:
buffer.c:ssh_buffer_free:99:112:
buffer.c:ssh_buffer_get_begin:381:383:
buffer.c:ssh_buffer_get_len:410:412:
buffer.c:ssh_buffer_new:83:92:
channels.c:ssh_channel_close:1082:1120:
channels.c:ssh_channel_free:997:1024:
channels.c:ssh_channel_send_eof:1038:1067:
crc32.c:ssh_crc32:81:
crypt.c:packet_encrypt:100:
dh.c:ssh_crypto_finalize:154:
dh.c:ssh_crypto_init:113:
dh.c:ssh_get_hexa:194:
dh.c:ssh_get_random:88:
dh.c:ssh_print_hexa:228:
error.c:ssh_get_error:97:
error.c:ssh_set_error:51:
error.c:ssh_set_error_oom:69:
gzip.c:compress_buffer:103:
gzip.c:gzip_compress:59:
gzip.c:initcompress:38:
init.c:ssh_finalize:73:
init.c:ssh_init:53:
keyfiles.c:asn1_check_sequence:173:
keyfiles.c:asn1_get_int:147:
keyfiles.c:asn1_get_len:123:
keyfiles.c:char_to_u32:114:
keyfiles.c:load_iv:86:
keyfiles.c:passphrase_to_key:217:
keyfiles.c:pem_get_password:602:
keyfiles.c:privatekey_decrypt:253:
keyfiles.c:privatekey_dek_header:300:
keyfiles.c:privatekey_file_to_buffer:356:
keyfiles.c:privatekey_from_file:666:
keyfiles.c:privatekey_type_from_file:626:
keyfiles.c:read_dsa_privatekey:540:
keyfiles.c:read_line:200:
keyfiles.c:read_rsa_privatekey:468:
keys.c:publickey_free:234:
keys.c:publickey_from_privatekey:316:
keys.c:ssh_type_to_char:48:
libcrypto.c:hmac_final:143:
libcrypto.c:hmac_init:112:
libcrypto.c:hmac_update:139:
libcrypto.c:md5_final:107:
libcrypto.c:md5_init:92:
libcrypto.c:md5_update:103:
log.c:do_ssh_log:44:
log.c:ssh_log:76:
log.c:ssh_log_common:94:
messages.c:ssh_message_free:222:
misc.c:gettimeofday:128:
misc.c:ssh_iterator_new:405:
misc.c:ssh_list_append:414:
misc.c:ssh_list_find:397:
misc.c:ssh_list_free:378:
misc.c:ssh_list_get_iterator:391:
misc.c:ssh_list_new:370:
misc.c:ssh_list_remove:448:
packet.c:packet_send2:447:
packet.c:packet_send:525:
packet.c:ssh_packet_write:435:
packet1.c:packet_send1:248:
pcap.c:ssh_pcap_context_connect:252:
pcap.c:ssh_pcap_context_free:241:
pcap.c:ssh_pcap_context_write:302:
pcap.c:ssh_pcap_file_write:140:
pcap.c:ssh_pcap_file_write_packet:157:
poll.c:ssh_poll_cleanup:85:
poll.c:ssh_poll_init:81:
session.c:ssh_free:159:
session.c:ssh_new:55:
session.c:ssh_set_blocking:290:
socket.c:ssh_socket_cleanup:126:
socket.c:ssh_socket_init:104:
socket.c:ssh_socket_new:141:
string.c:ssh_string_burn:208:
string.c:ssh_string_data:222:
string.c:ssh_string_fill:80:
string.c:ssh_string_free:235:
string.c:ssh_string_len:128:
string.c:ssh_string_new:53:
threads.c:libcrypto_lock_callback:85:
threads.c:libcrypto_thread_finalize:112:
threads.c:libcrypto_thread_init:95:
threads.c:libgcrypt_thread_init:64:
threads.c:ssh_threads_finalize:153:
threads.c:ssh_threads_init:130:
torture_keyfiles.c:setup_both_keys:38:
torture_keyfiles.c:setup_both_keys_passphrase:44:
torture_keyfiles.c:setup_dsa_key:24:
torture_keyfiles.c:setup_rsa_key:10:
torture_keyfiles.c:teardown:57:
torture_keyfiles.c:torture_privatekey_from_file:170:
torture_keyfiles.c:torture_privatekey_from_file_passphrase:207:
torture_keyfiles.c:torture_pubkey_from_file:67:
torture_keyfiles.c:torture_pubkey_generate_from_privkey:111:
torture_keyfiles.c:torture_read_one_line:91:
torture_keyfiles.c:torture_run_tests_1473778524229:241:
wrapper.c:cipher_free:65:
wrapper.c:crypto_free:99:
wrapper.c:crypto_new:88:
