/home/ubuntu-vm/workspace/casestudy/LibsshCaseStudy/libssh-0.5.3/tests/unittests/torture_isipaddr.c
dh.c:ssh_crypto_finalize:154:
dh.c:ssh_crypto_init:113:
init.c:ssh_finalize:73:
init.c:ssh_init:53:
misc.c:ssh_is_ipaddr:272:
misc.c:ssh_is_ipaddr_v4:260:
poll.c:ssh_poll_cleanup:85:
poll.c:ssh_poll_init:81:
socket.c:ssh_socket_cleanup:126:
socket.c:ssh_socket_init:104:
threads.c:libcrypto_lock_callback:85:
threads.c:libcrypto_thread_finalize:112:
threads.c:libcrypto_thread_init:95:
threads.c:libgcrypt_thread_init:64:
threads.c:ssh_threads_finalize:153:
threads.c:ssh_threads_init:130:
torture_isipaddr.c:torture_run_tests_1473778522766:45:
torture_isipaddr.c:torture_ssh_is_ipaddr:11:
