/home/ubuntu-vm/workspace/casestudy/LibsshCaseStudy/libssh-0.5.3/tests/unittests/torture_buffer.c
buffer.c:buffer_add_data:188:
buffer.c:buffer_get_data:493:
buffer.c:buffer_get_rest:397:
buffer.c:buffer_get_rest_len:425:
buffer.c:buffer_get_u32:529:
buffer.c:buffer_get_u8:518:
buffer.c:buffer_prepend_data:320:
buffer.c:buffer_shift:142:
buffer.c:buffer_verify:54:
buffer.c:realloc_buffer:114:
buffer.c:ssh_buffer_free:99:
buffer.c:ssh_buffer_new:83:
dh.c:ssh_crypto_finalize:154:
dh.c:ssh_crypto_init:113:
init.c:ssh_finalize:73:
init.c:ssh_init:53:
poll.c:ssh_poll_cleanup:85:
poll.c:ssh_poll_init:81:
socket.c:ssh_socket_cleanup:126:
socket.c:ssh_socket_init:104:
threads.c:libcrypto_lock_callback:85:
threads.c:libcrypto_thread_finalize:112:
threads.c:libcrypto_thread_init:95:
threads.c:libgcrypt_thread_init:64:
threads.c:ssh_threads_finalize:153:
threads.c:ssh_threads_init:130:
torture_buffer.c:setup:9:
torture_buffer.c:teardown:15:
torture_buffer.c:torture_buffer_prepend:63:
torture_buffer.c:torture_growing_buffer:23:
torture_buffer.c:torture_growing_buffer_shifting:41:
torture_buffer.c:torture_run_tests_1473778517654:87:
